Component: ARM Compiler 5.06 update 3 (build 300) Tool: armlink [4d35c9]

==============================================================================

Section Cross References

    startup_stm32f10x_hd.o(RESET) refers to startup_stm32f10x_hd.o(STACK) for __initial_sp
    startup_stm32f10x_hd.o(RESET) refers to startup_stm32f10x_hd.o(.text) for Reset_Handler
    startup_stm32f10x_hd.o(RESET) refers to stm32f10x_it.o(.text) for NMI_Handler
    startup_stm32f10x_hd.o(RESET) refers to port.o(.emb_text) for SVC_Handler
    startup_stm32f10x_hd.o(.text) refers to system_stm32f10x.o(.text) for SystemInit
    startup_stm32f10x_hd.o(.text) refers to entry.o(.ARM.Collect$$$$00000000) for __main
    system_stm32f10x.o(.text) refers to system_stm32f10x.o(.data) for .data
    stm32f10x_adc.o(.text) refers to stm32f10x_rcc.o(.text) for RCC_APB2PeriphResetCmd
    stm32f10x_bkp.o(.text) refers to stm32f10x_rcc.o(.text) for RCC_BackupResetCmd
    stm32f10x_can.o(.text) refers to stm32f10x_rcc.o(.text) for RCC_APB1PeriphResetCmd
    stm32f10x_cec.o(.text) refers to stm32f10x_rcc.o(.text) for RCC_APB1PeriphResetCmd
    stm32f10x_dac.o(.text) refers to stm32f10x_rcc.o(.text) for RCC_APB1PeriphResetCmd
    stm32f10x_gpio.o(.text) refers to stm32f10x_rcc.o(.text) for RCC_APB2PeriphResetCmd
    stm32f10x_i2c.o(.text) refers to stm32f10x_rcc.o(.text) for RCC_APB1PeriphResetCmd
    stm32f10x_pwr.o(.text) refers to stm32f10x_rcc.o(.text) for RCC_APB1PeriphResetCmd
    stm32f10x_rcc.o(.text) refers to stm32f10x_rcc.o(.data) for .data
    stm32f10x_spi.o(.text) refers to stm32f10x_rcc.o(.text) for RCC_APB2PeriphResetCmd
    stm32f10x_tim.o(.text) refers to stm32f10x_rcc.o(.text) for RCC_APB1PeriphResetCmd
    stm32f10x_usart.o(.text) refers to stm32f10x_rcc.o(.text) for RCC_APB2PeriphResetCmd
    stm32f10x_wwdg.o(.text) refers to stm32f10x_rcc.o(.text) for RCC_APB1PeriphResetCmd
    main.o(.text) refers to stm32f10x_gpio.o(.text) for GPIO_ReadInputDataBit
    main.o(.text) refers to dealy.o(.text) for delay_s
    main.o(.text) refers to queue.o(.text) for xQueueGenericSend
    main.o(.text) refers to oled.o(.text) for OLED_Clear
    main.o(.text) refers to tasks.o(.text) for vTaskDelay
    main.o(.text) refers to port.o(.text) for vPortEnterCritical
    main.o(.text) refers to printf3.o(i.__0printf$3) for __2printf
    main.o(.text) refers to misc.o(.text) for NVIC_PriorityGroupConfig
    main.o(.text) refers to bsp_led.o(.text) for LED_GPIO_Config
    main.o(.text) refers to bsp_key.o(.text) for Key_GPIO_Config
    main.o(.text) refers to bsp_usart.o(.text) for USART_Config
    main.o(.text) refers to main.o(.data) for .data
    stm32f10x_it.o(.text) refers to tasks.o(.text) for xTaskGetSchedulerState
    stm32f10x_it.o(.text) refers to port.o(.text) for xPortSysTickHandler
    bsp_led.o(.text) refers to stm32f10x_rcc.o(.text) for RCC_APB2PeriphClockCmd
    bsp_led.o(.text) refers to stm32f10x_gpio.o(.text) for GPIO_Init
    bsp_usart.o(.text) refers to stm32f10x_rcc.o(.text) for RCC_APB2PeriphClockCmd
    bsp_usart.o(.text) refers to stm32f10x_gpio.o(.text) for GPIO_Init
    bsp_usart.o(.text) refers to stm32f10x_usart.o(.text) for USART_Init
    bsp_key.o(.text) refers to stm32f10x_rcc.o(.text) for RCC_APB2PeriphClockCmd
    bsp_key.o(.text) refers to stm32f10x_gpio.o(.text) for GPIO_Init
    oled.o(.text) refers to stm32f10x_gpio.o(.text) for GPIO_SetBits
    oled.o(.text) refers to stm32f10x_rcc.o(.text) for RCC_APB2PeriphClockCmd
    oled.o(.text) refers to dealy.o(.text) for delay_ms
    oled.o(.text) refers to oled.o(.constdata) for .constdata
    oled.o(.text) refers to oled.o(.data) for .data
    event_groups.o(.text) refers to heap_4.o(.text) for pvPortMalloc
    event_groups.o(.text) refers to list.o(.text) for vListInitialise
    event_groups.o(.text) refers to printf3.o(i.__0printf$3) for __2printf
    event_groups.o(.text) refers to tasks.o(.text) for vTaskSuspendAll
    event_groups.o(.text) refers to port.o(.text) for vPortEnterCritical
    queue.o(.text) refers to printf3.o(i.__0printf$3) for __2printf
    queue.o(.text) refers to port.o(.text) for vPortEnterCritical
    queue.o(.text) refers to list.o(.text) for vListInitialise
    queue.o(.text) refers to tasks.o(.text) for xTaskRemoveFromEventList
    queue.o(.text) refers to heap_4.o(.text) for pvPortMalloc
    queue.o(.text) refers to memcpya.o(.text) for __aeabi_memcpy
    queue.o(.text) refers to queue.o(.bss) for .bss
    tasks.o(.text) refers to port.o(.text) for vPortEnterCritical
    tasks.o(.text) refers to list.o(.text) for vListInitialise
    tasks.o(.text) refers to heap_4.o(.text) for pvPortMalloc
    tasks.o(.text) refers to printf3.o(i.__0printf$3) for __2printf
    tasks.o(.text) refers to tasks.o(.data) for .data
    tasks.o(.text) refers to tasks.o(.bss) for .bss
    heap_4.o(.text) refers to tasks.o(.text) for vTaskSuspendAll
    heap_4.o(.text) refers to printf3.o(i.__0printf$3) for __2printf
    heap_4.o(.text) refers to heap_4.o(.data) for .data
    heap_4.o(.text) refers to heap_4.o(.bss) for .bss
    port.o(.emb_text) refers to tasks.o(.text) for vTaskSwitchContext
    port.o(.emb_text) refers to tasks.o(.data) for pxCurrentTCB
    port.o(.text) refers to printf3.o(i.__0printf$3) for __2printf
    port.o(.text) refers to port.o(.emb_text) for __asm___6_port_c_39a90d8d__prvStartFirstTask
    port.o(.text) refers to tasks.o(.text) for xTaskIncrementTick
    port.o(.text) refers to port.o(.data) for .data
    port.o(.text) refers to system_stm32f10x.o(.data) for SystemCoreClock
    entry.o(.ARM.Collect$$$$00000000) refers (Special) to entry10a.o(.ARM.Collect$$$$0000000D) for __rt_final_cpp
    entry.o(.ARM.Collect$$$$00000000) refers (Special) to entry11a.o(.ARM.Collect$$$$0000000F) for __rt_final_exit
    entry.o(.ARM.Collect$$$$00000000) refers (Special) to entry7b.o(.ARM.Collect$$$$00000008) for _main_clock
    entry.o(.ARM.Collect$$$$00000000) refers (Special) to entry8b.o(.ARM.Collect$$$$0000000A) for _main_cpp_init
    entry.o(.ARM.Collect$$$$00000000) refers (Special) to entry9a.o(.ARM.Collect$$$$0000000B) for _main_init
    entry.o(.ARM.Collect$$$$00000000) refers (Special) to entry5.o(.ARM.Collect$$$$00000004) for _main_scatterload
    entry.o(.ARM.Collect$$$$00000000) refers (Special) to entry2.o(.ARM.Collect$$$$00000001) for _main_stk
    printfb.o(i.__0fprintf$bare) refers to printfb.o(i._printf_core) for _printf_core
    printfb.o(i.__0fprintf$bare) refers to bsp_usart.o(.text) for fputc
    printfb.o(i.__0printf$bare) refers to printfb.o(i._printf_core) for _printf_core
    printfb.o(i.__0printf$bare) refers to bsp_usart.o(.text) for fputc
    printfb.o(i.__0printf$bare) refers to stdout.o(.data) for __stdout
    printfb.o(i.__0snprintf$bare) refers to printfb.o(i._printf_core) for _printf_core
    printfb.o(i.__0snprintf$bare) refers to printfb.o(i._snputc) for _snputc
    printfb.o(i.__0sprintf$bare) refers to printfb.o(i._printf_core) for _printf_core
    printfb.o(i.__0sprintf$bare) refers to printfb.o(i._sputc) for _sputc
    printfb.o(i.__0vfprintf$bare) refers to printfb.o(i._printf_core) for _printf_core
    printfb.o(i.__0vfprintf$bare) refers to bsp_usart.o(.text) for fputc
    printfb.o(i.__0vprintf$bare) refers to printfb.o(i._printf_core) for _printf_core
    printfb.o(i.__0vprintf$bare) refers to bsp_usart.o(.text) for fputc
    printfb.o(i.__0vprintf$bare) refers to stdout.o(.data) for __stdout
    printfb.o(i.__0vsnprintf$bare) refers to printfb.o(i._printf_core) for _printf_core
    printfb.o(i.__0vsnprintf$bare) refers to printfb.o(i._snputc) for _snputc
    printfb.o(i.__0vsprintf$bare) refers to printfb.o(i._printf_core) for _printf_core
    printfb.o(i.__0vsprintf$bare) refers to printfb.o(i._sputc) for _sputc
    printf0.o(i.__0fprintf$0) refers to printf0.o(i._printf_core) for _printf_core
    printf0.o(i.__0fprintf$0) refers to bsp_usart.o(.text) for fputc
    printf0.o(i.__0printf$0) refers to printf0.o(i._printf_core) for _printf_core
    printf0.o(i.__0printf$0) refers to bsp_usart.o(.text) for fputc
    printf0.o(i.__0printf$0) refers to stdout.o(.data) for __stdout
    printf0.o(i.__0snprintf$0) refers to printf0.o(i._printf_core) for _printf_core
    printf0.o(i.__0snprintf$0) refers to printf0.o(i._snputc) for _snputc
    printf0.o(i.__0sprintf$0) refers to printf0.o(i._printf_core) for _printf_core
    printf0.o(i.__0sprintf$0) refers to printf0.o(i._sputc) for _sputc
    printf0.o(i.__0vfprintf$0) refers to printf0.o(i._printf_core) for _printf_core
    printf0.o(i.__0vfprintf$0) refers to bsp_usart.o(.text) for fputc
    printf0.o(i.__0vprintf$0) refers to printf0.o(i._printf_core) for _printf_core
    printf0.o(i.__0vprintf$0) refers to bsp_usart.o(.text) for fputc
    printf0.o(i.__0vprintf$0) refers to stdout.o(.data) for __stdout
    printf0.o(i.__0vsnprintf$0) refers to printf0.o(i._printf_core) for _printf_core
    printf0.o(i.__0vsnprintf$0) refers to printf0.o(i._snputc) for _snputc
    printf0.o(i.__0vsprintf$0) refers to printf0.o(i._printf_core) for _printf_core
    printf0.o(i.__0vsprintf$0) refers to printf0.o(i._sputc) for _sputc
    printf1.o(i.__0fprintf$1) refers to printf1.o(i._printf_core) for _printf_core
    printf1.o(i.__0fprintf$1) refers to bsp_usart.o(.text) for fputc
    printf1.o(i.__0printf$1) refers to printf1.o(i._printf_core) for _printf_core
    printf1.o(i.__0printf$1) refers to bsp_usart.o(.text) for fputc
    printf1.o(i.__0printf$1) refers to stdout.o(.data) for __stdout
    printf1.o(i.__0snprintf$1) refers to printf1.o(i._printf_core) for _printf_core
    printf1.o(i.__0snprintf$1) refers to printf1.o(i._snputc) for _snputc
    printf1.o(i.__0sprintf$1) refers to printf1.o(i._printf_core) for _printf_core
    printf1.o(i.__0sprintf$1) refers to printf1.o(i._sputc) for _sputc
    printf1.o(i.__0vfprintf$1) refers to printf1.o(i._printf_core) for _printf_core
    printf1.o(i.__0vfprintf$1) refers to bsp_usart.o(.text) for fputc
    printf1.o(i.__0vprintf$1) refers to printf1.o(i._printf_core) for _printf_core
    printf1.o(i.__0vprintf$1) refers to bsp_usart.o(.text) for fputc
    printf1.o(i.__0vprintf$1) refers to stdout.o(.data) for __stdout
    printf1.o(i.__0vsnprintf$1) refers to printf1.o(i._printf_core) for _printf_core
    printf1.o(i.__0vsnprintf$1) refers to printf1.o(i._snputc) for _snputc
    printf1.o(i.__0vsprintf$1) refers to printf1.o(i._printf_core) for _printf_core
    printf1.o(i.__0vsprintf$1) refers to printf1.o(i._sputc) for _sputc
    printf1.o(i._printf_core) refers to uidiv.o(.text) for __aeabi_uidivmod
    printf2.o(i.__0fprintf$2) refers to printf2.o(i._printf_core) for _printf_core
    printf2.o(i.__0fprintf$2) refers to bsp_usart.o(.text) for fputc
    printf2.o(i.__0printf$2) refers to printf2.o(i._printf_core) for _printf_core
    printf2.o(i.__0printf$2) refers to bsp_usart.o(.text) for fputc
    printf2.o(i.__0printf$2) refers to stdout.o(.data) for __stdout
    printf2.o(i.__0snprintf$2) refers to printf2.o(i._printf_core) for _printf_core
    printf2.o(i.__0snprintf$2) refers to printf2.o(i._snputc) for _snputc
    printf2.o(i.__0sprintf$2) refers to printf2.o(i._printf_core) for _printf_core
    printf2.o(i.__0sprintf$2) refers to printf2.o(i._sputc) for _sputc
    printf2.o(i.__0vfprintf$2) refers to printf2.o(i._printf_core) for _printf_core
    printf2.o(i.__0vfprintf$2) refers to bsp_usart.o(.text) for fputc
    printf2.o(i.__0vprintf$2) refers to printf2.o(i._printf_core) for _printf_core
    printf2.o(i.__0vprintf$2) refers to bsp_usart.o(.text) for fputc
    printf2.o(i.__0vprintf$2) refers to stdout.o(.data) for __stdout
    printf2.o(i.__0vsnprintf$2) refers to printf2.o(i._printf_core) for _printf_core
    printf2.o(i.__0vsnprintf$2) refers to printf2.o(i._snputc) for _snputc
    printf2.o(i.__0vsprintf$2) refers to printf2.o(i._printf_core) for _printf_core
    printf2.o(i.__0vsprintf$2) refers to printf2.o(i._sputc) for _sputc
    printf3.o(i.__0fprintf$3) refers to printf3.o(i._printf_core) for _printf_core
    printf3.o(i.__0fprintf$3) refers to bsp_usart.o(.text) for fputc
    printf3.o(i.__0printf$3) refers to printf3.o(i._printf_core) for _printf_core
    printf3.o(i.__0printf$3) refers to bsp_usart.o(.text) for fputc
    printf3.o(i.__0printf$3) refers to stdout.o(.data) for __stdout
    printf3.o(i.__0snprintf$3) refers to printf3.o(i._printf_core) for _printf_core
    printf3.o(i.__0snprintf$3) refers to printf3.o(i._snputc) for _snputc
    printf3.o(i.__0sprintf$3) refers to printf3.o(i._printf_core) for _printf_core
    printf3.o(i.__0sprintf$3) refers to printf3.o(i._sputc) for _sputc
    printf3.o(i.__0vfprintf$3) refers to printf3.o(i._printf_core) for _printf_core
    printf3.o(i.__0vfprintf$3) refers to bsp_usart.o(.text) for fputc
    printf3.o(i.__0vprintf$3) refers to printf3.o(i._printf_core) for _printf_core
    printf3.o(i.__0vprintf$3) refers to bsp_usart.o(.text) for fputc
    printf3.o(i.__0vprintf$3) refers to stdout.o(.data) for __stdout
    printf3.o(i.__0vsnprintf$3) refers to printf3.o(i._printf_core) for _printf_core
    printf3.o(i.__0vsnprintf$3) refers to printf3.o(i._snputc) for _snputc
    printf3.o(i.__0vsprintf$3) refers to printf3.o(i._printf_core) for _printf_core
    printf3.o(i.__0vsprintf$3) refers to printf3.o(i._sputc) for _sputc
    printf3.o(i._printf_core) refers to uidiv.o(.text) for __aeabi_uidivmod
    printf4.o(i.__0fprintf$4) refers to printf4.o(i._printf_core) for _printf_core
    printf4.o(i.__0fprintf$4) refers to bsp_usart.o(.text) for fputc
    printf4.o(i.__0printf$4) refers to printf4.o(i._printf_core) for _printf_core
    printf4.o(i.__0printf$4) refers to bsp_usart.o(.text) for fputc
    printf4.o(i.__0printf$4) refers to stdout.o(.data) for __stdout
    printf4.o(i.__0snprintf$4) refers to printf4.o(i._printf_core) for _printf_core
    printf4.o(i.__0snprintf$4) refers to printf4.o(i._snputc) for _snputc
    printf4.o(i.__0sprintf$4) refers to printf4.o(i._printf_core) for _printf_core
    printf4.o(i.__0sprintf$4) refers to printf4.o(i._sputc) for _sputc
    printf4.o(i.__0vfprintf$4) refers to printf4.o(i._printf_core) for _printf_core
    printf4.o(i.__0vfprintf$4) refers to bsp_usart.o(.text) for fputc
    printf4.o(i.__0vprintf$4) refers to printf4.o(i._printf_core) for _printf_core
    printf4.o(i.__0vprintf$4) refers to bsp_usart.o(.text) for fputc
    printf4.o(i.__0vprintf$4) refers to stdout.o(.data) for __stdout
    printf4.o(i.__0vsnprintf$4) refers to printf4.o(i._printf_core) for _printf_core
    printf4.o(i.__0vsnprintf$4) refers to printf4.o(i._snputc) for _snputc
    printf4.o(i.__0vsprintf$4) refers to printf4.o(i._printf_core) for _printf_core
    printf4.o(i.__0vsprintf$4) refers to printf4.o(i._sputc) for _sputc
    printf4.o(i._printf_core) refers to uldiv.o(.text) for __aeabi_uldivmod
    printf5.o(i.__0fprintf$5) refers to printf5.o(i._printf_core) for _printf_core
    printf5.o(i.__0fprintf$5) refers to bsp_usart.o(.text) for fputc
    printf5.o(i.__0printf$5) refers to printf5.o(i._printf_core) for _printf_core
    printf5.o(i.__0printf$5) refers to bsp_usart.o(.text) for fputc
    printf5.o(i.__0printf$5) refers to stdout.o(.data) for __stdout
    printf5.o(i.__0snprintf$5) refers to printf5.o(i._printf_core) for _printf_core
    printf5.o(i.__0snprintf$5) refers to printf5.o(i._snputc) for _snputc
    printf5.o(i.__0sprintf$5) refers to printf5.o(i._printf_core) for _printf_core
    printf5.o(i.__0sprintf$5) refers to printf5.o(i._sputc) for _sputc
    printf5.o(i.__0vfprintf$5) refers to printf5.o(i._printf_core) for _printf_core
    printf5.o(i.__0vfprintf$5) refers to bsp_usart.o(.text) for fputc
    printf5.o(i.__0vprintf$5) refers to printf5.o(i._printf_core) for _printf_core
    printf5.o(i.__0vprintf$5) refers to bsp_usart.o(.text) for fputc
    printf5.o(i.__0vprintf$5) refers to stdout.o(.data) for __stdout
    printf5.o(i.__0vsnprintf$5) refers to printf5.o(i._printf_core) for _printf_core
    printf5.o(i.__0vsnprintf$5) refers to printf5.o(i._snputc) for _snputc
    printf5.o(i.__0vsprintf$5) refers to printf5.o(i._printf_core) for _printf_core
    printf5.o(i.__0vsprintf$5) refers to printf5.o(i._sputc) for _sputc
    printf5.o(i._printf_core) refers to uldiv.o(.text) for __aeabi_uldivmod
    printf6.o(i.__0fprintf$6) refers to printf6.o(i._printf_core) for _printf_core
    printf6.o(i.__0fprintf$6) refers to bsp_usart.o(.text) for fputc
    printf6.o(i.__0printf$6) refers to printf6.o(i._printf_core) for _printf_core
    printf6.o(i.__0printf$6) refers to bsp_usart.o(.text) for fputc
    printf6.o(i.__0printf$6) refers to stdout.o(.data) for __stdout
    printf6.o(i.__0snprintf$6) refers to printf6.o(i._printf_core) for _printf_core
    printf6.o(i.__0snprintf$6) refers to printf6.o(i._snputc) for _snputc
    printf6.o(i.__0sprintf$6) refers to printf6.o(i._printf_core) for _printf_core
    printf6.o(i.__0sprintf$6) refers to printf6.o(i._sputc) for _sputc
    printf6.o(i.__0vfprintf$6) refers to printf6.o(i._printf_core) for _printf_core
    printf6.o(i.__0vfprintf$6) refers to bsp_usart.o(.text) for fputc
    printf6.o(i.__0vprintf$6) refers to printf6.o(i._printf_core) for _printf_core
    printf6.o(i.__0vprintf$6) refers to bsp_usart.o(.text) for fputc
    printf6.o(i.__0vprintf$6) refers to stdout.o(.data) for __stdout
    printf6.o(i.__0vsnprintf$6) refers to printf6.o(i._printf_core) for _printf_core
    printf6.o(i.__0vsnprintf$6) refers to printf6.o(i._snputc) for _snputc
    printf6.o(i.__0vsprintf$6) refers to printf6.o(i._printf_core) for _printf_core
    printf6.o(i.__0vsprintf$6) refers to printf6.o(i._sputc) for _sputc
    printf6.o(i._printf_core) refers to printf6.o(i._printf_pre_padding) for _printf_pre_padding
    printf6.o(i._printf_core) refers to uidiv.o(.text) for __aeabi_uidivmod
    printf6.o(i._printf_core) refers to printf6.o(i._printf_post_padding) for _printf_post_padding
    printf7.o(i.__0fprintf$7) refers to printf7.o(i._printf_core) for _printf_core
    printf7.o(i.__0fprintf$7) refers to bsp_usart.o(.text) for fputc
    printf7.o(i.__0printf$7) refers to printf7.o(i._printf_core) for _printf_core
    printf7.o(i.__0printf$7) refers to bsp_usart.o(.text) for fputc
    printf7.o(i.__0printf$7) refers to stdout.o(.data) for __stdout
    printf7.o(i.__0snprintf$7) refers to printf7.o(i._printf_core) for _printf_core
    printf7.o(i.__0snprintf$7) refers to printf7.o(i._snputc) for _snputc
    printf7.o(i.__0sprintf$7) refers to printf7.o(i._printf_core) for _printf_core
    printf7.o(i.__0sprintf$7) refers to printf7.o(i._sputc) for _sputc
    printf7.o(i.__0vfprintf$7) refers to printf7.o(i._printf_core) for _printf_core
    printf7.o(i.__0vfprintf$7) refers to bsp_usart.o(.text) for fputc
    printf7.o(i.__0vprintf$7) refers to printf7.o(i._printf_core) for _printf_core
    printf7.o(i.__0vprintf$7) refers to bsp_usart.o(.text) for fputc
    printf7.o(i.__0vprintf$7) refers to stdout.o(.data) for __stdout
    printf7.o(i.__0vsnprintf$7) refers to printf7.o(i._printf_core) for _printf_core
    printf7.o(i.__0vsnprintf$7) refers to printf7.o(i._snputc) for _snputc
    printf7.o(i.__0vsprintf$7) refers to printf7.o(i._printf_core) for _printf_core
    printf7.o(i.__0vsprintf$7) refers to printf7.o(i._sputc) for _sputc
    printf7.o(i._printf_core) refers to printf7.o(i._printf_pre_padding) for _printf_pre_padding
    printf7.o(i._printf_core) refers to uldiv.o(.text) for __aeabi_uldivmod
    printf7.o(i._printf_core) refers to printf7.o(i._printf_post_padding) for _printf_post_padding
    printf8.o(i.__0fprintf$8) refers to printf8.o(i._printf_core) for _printf_core
    printf8.o(i.__0fprintf$8) refers to bsp_usart.o(.text) for fputc
    printf8.o(i.__0printf$8) refers to printf8.o(i._printf_core) for _printf_core
    printf8.o(i.__0printf$8) refers to bsp_usart.o(.text) for fputc
    printf8.o(i.__0printf$8) refers to stdout.o(.data) for __stdout
    printf8.o(i.__0snprintf$8) refers to printf8.o(i._printf_core) for _printf_core
    printf8.o(i.__0snprintf$8) refers to printf8.o(i._snputc) for _snputc
    printf8.o(i.__0sprintf$8) refers to printf8.o(i._printf_core) for _printf_core
    printf8.o(i.__0sprintf$8) refers to printf8.o(i._sputc) for _sputc
    printf8.o(i.__0vfprintf$8) refers to printf8.o(i._printf_core) for _printf_core
    printf8.o(i.__0vfprintf$8) refers to bsp_usart.o(.text) for fputc
    printf8.o(i.__0vprintf$8) refers to printf8.o(i._printf_core) for _printf_core
    printf8.o(i.__0vprintf$8) refers to bsp_usart.o(.text) for fputc
    printf8.o(i.__0vprintf$8) refers to stdout.o(.data) for __stdout
    printf8.o(i.__0vsnprintf$8) refers to printf8.o(i._printf_core) for _printf_core
    printf8.o(i.__0vsnprintf$8) refers to printf8.o(i._snputc) for _snputc
    printf8.o(i.__0vsprintf$8) refers to printf8.o(i._printf_core) for _printf_core
    printf8.o(i.__0vsprintf$8) refers to printf8.o(i._sputc) for _sputc
    printf8.o(i._printf_core) refers to printf8.o(i._printf_pre_padding) for _printf_pre_padding
    printf8.o(i._printf_core) refers to uldiv.o(.text) for __aeabi_uldivmod
    printf8.o(i._printf_core) refers to printf8.o(i._printf_post_padding) for _printf_post_padding
    printfa.o(i.__0fprintf) refers (Special) to iusefp.o(.text) for __I$use$fp
    printfa.o(i.__0fprintf) refers to printfa.o(i._printf_core) for _printf_core
    printfa.o(i.__0fprintf) refers to bsp_usart.o(.text) for fputc
    printfa.o(i.__0printf) refers (Special) to iusefp.o(.text) for __I$use$fp
    printfa.o(i.__0printf) refers to printfa.o(i._printf_core) for _printf_core
    printfa.o(i.__0printf) refers to bsp_usart.o(.text) for fputc
    printfa.o(i.__0printf) refers to stdout.o(.data) for __stdout
    printfa.o(i.__0snprintf) refers (Special) to iusefp.o(.text) for __I$use$fp
    printfa.o(i.__0snprintf) refers to printfa.o(i._printf_core) for _printf_core
    printfa.o(i.__0snprintf) refers to printfa.o(i._snputc) for _snputc
    printfa.o(i.__0sprintf) refers (Special) to iusefp.o(.text) for __I$use$fp
    printfa.o(i.__0sprintf) refers to printfa.o(i._printf_core) for _printf_core
    printfa.o(i.__0sprintf) refers to printfa.o(i._sputc) for _sputc
    printfa.o(i.__0vfprintf) refers (Special) to iusefp.o(.text) for __I$use$fp
    printfa.o(i.__0vfprintf) refers to printfa.o(i._printf_core) for _printf_core
    printfa.o(i.__0vfprintf) refers to bsp_usart.o(.text) for fputc
    printfa.o(i.__0vprintf) refers (Special) to iusefp.o(.text) for __I$use$fp
    printfa.o(i.__0vprintf) refers to printfa.o(i._printf_core) for _printf_core
    printfa.o(i.__0vprintf) refers to bsp_usart.o(.text) for fputc
    printfa.o(i.__0vprintf) refers to stdout.o(.data) for __stdout
    printfa.o(i.__0vsnprintf) refers (Special) to iusefp.o(.text) for __I$use$fp
    printfa.o(i.__0vsnprintf) refers to printfa.o(i._printf_core) for _printf_core
    printfa.o(i.__0vsnprintf) refers to printfa.o(i._snputc) for _snputc
    printfa.o(i.__0vsprintf) refers (Special) to iusefp.o(.text) for __I$use$fp
    printfa.o(i.__0vsprintf) refers to printfa.o(i._printf_core) for _printf_core
    printfa.o(i.__0vsprintf) refers to printfa.o(i._sputc) for _sputc
    printfa.o(i._fp_digits) refers (Special) to iusefp.o(.text) for __I$use$fp
    printfa.o(i._fp_digits) refers to dmul.o(.text) for __aeabi_dmul
    printfa.o(i._fp_digits) refers to ddiv.o(.text) for __aeabi_ddiv
    printfa.o(i._fp_digits) refers to cdrcmple.o(.text) for __aeabi_cdrcmple
    printfa.o(i._fp_digits) refers to dadd.o(.text) for __aeabi_dadd
    printfa.o(i._fp_digits) refers to dfixul.o(.text) for __aeabi_d2ulz
    printfa.o(i._fp_digits) refers to uldiv.o(.text) for __aeabi_uldivmod
    printfa.o(i._printf_core) refers (Special) to iusefp.o(.text) for __I$use$fp
    printfa.o(i._printf_core) refers to printfa.o(i._printf_pre_padding) for _printf_pre_padding
    printfa.o(i._printf_core) refers to uldiv.o(.text) for __aeabi_uldivmod
    printfa.o(i._printf_core) refers to printfa.o(i._printf_post_padding) for _printf_post_padding
    printfa.o(i._printf_core) refers to printfa.o(i._fp_digits) for _fp_digits
    printfa.o(i._printf_core) refers to uidiv.o(.text) for __aeabi_uidivmod
    printfa.o(i._printf_post_padding) refers (Special) to iusefp.o(.text) for __I$use$fp
    printfa.o(i._printf_pre_padding) refers (Special) to iusefp.o(.text) for __I$use$fp
    printfa.o(i._snputc) refers (Special) to iusefp.o(.text) for __I$use$fp
    printfa.o(i._sputc) refers (Special) to iusefp.o(.text) for __I$use$fp
    entry2.o(.ARM.Collect$$$$00000001) refers to entry2.o(.ARM.Collect$$$$00002712) for __lit__00000000
    entry2.o(.ARM.Collect$$$$00002712) refers to startup_stm32f10x_hd.o(STACK) for __initial_sp
    entry2.o(__vectab_stack_and_reset_area) refers to startup_stm32f10x_hd.o(STACK) for __initial_sp
    entry2.o(__vectab_stack_and_reset_area) refers to entry.o(.ARM.Collect$$$$00000000) for __main
    entry5.o(.ARM.Collect$$$$00000004) refers to init.o(.text) for __scatterload
    entry9a.o(.ARM.Collect$$$$0000000B) refers to main.o(.text) for main
    entry9b.o(.ARM.Collect$$$$0000000C) refers to main.o(.text) for main
    uldiv.o(.text) refers to llushr.o(.text) for __aeabi_llsr
    uldiv.o(.text) refers to llshl.o(.text) for __aeabi_llsl
    dadd.o(.text) refers to llshl.o(.text) for __aeabi_llsl
    dadd.o(.text) refers to llsshr.o(.text) for __aeabi_lasr
    dadd.o(.text) refers to depilogue.o(.text) for _double_epilogue
    dmul.o(.text) refers to depilogue.o(.text) for _double_epilogue
    ddiv.o(.text) refers to depilogue.o(.text) for _double_round
    dfixul.o(.text) refers to llushr.o(.text) for __aeabi_llsr
    dfixul.o(.text) refers to llshl.o(.text) for __aeabi_llsl
    init.o(.text) refers to entry5.o(.ARM.Collect$$$$00000004) for __main_after_scatterload
    depilogue.o(.text) refers to llshl.o(.text) for __aeabi_llsl
    depilogue.o(.text) refers to llushr.o(.text) for __aeabi_llsr


==============================================================================

Removing Unused input sections from the image.

    Removing startup_stm32f10x_hd.o(HEAP), (512 bytes).
    Removing core_cm3.o(.emb_text), (32 bytes).
    Removing stm32f10x_adc.o(.text), (816 bytes).
    Removing stm32f10x_bkp.o(.text), (152 bytes).
    Removing stm32f10x_can.o(.text), (1800 bytes).
    Removing stm32f10x_cec.o(.text), (248 bytes).
    Removing stm32f10x_crc.o(.text), (64 bytes).
    Removing stm32f10x_dac.o(.text), (252 bytes).
    Removing stm32f10x_dbgmcu.o(.text), (40 bytes).
    Removing stm32f10x_dma.o(.text), (456 bytes).
    Removing stm32f10x_exti.o(.text), (232 bytes).
    Removing stm32f10x_flash.o(.text), (1152 bytes).
    Removing stm32f10x_fsmc.o(.text), (1148 bytes).
    Removing stm32f10x_i2c.o(.text), (808 bytes).
    Removing stm32f10x_iwdg.o(.text), (60 bytes).
    Removing stm32f10x_pwr.o(.text), (172 bytes).
    Removing stm32f10x_rtc.o(.text), (272 bytes).
    Removing stm32f10x_sdio.o(.text), (428 bytes).
    Removing stm32f10x_spi.o(.text), (628 bytes).
    Removing stm32f10x_tim.o(.text), (2800 bytes).
    Removing stm32f10x_wwdg.o(.text), (124 bytes).
    Removing oled.o(.constdata), (552 bytes).
    Removing oled.o(.data), (448 bytes).
    Removing oled.o(.data), (448 bytes).
    Removing oled.o(.data), (256 bytes).
    Removing event_groups.o(.text), (804 bytes).
    Removing dadd.o(.text), (334 bytes).
    Removing dmul.o(.text), (228 bytes).
    Removing ddiv.o(.text), (222 bytes).
    Removing dfixul.o(.text), (48 bytes).
    Removing cdrcmple.o(.text), (48 bytes).
    Removing depilogue.o(.text), (186 bytes).

32 unused section(s) (total 15770 bytes) removed from the image.

==============================================================================

Image Symbol Table

    Local Symbols

    Symbol Name                              Value     Ov Type        Size  Object(Section)

    ../clib/../cmprslib/lz77c.c              0x00000000   Number         0  __dclz77c.o ABSOLUTE
    ../clib/microlib/division.c              0x00000000   Number         0  uldiv.o ABSOLUTE
    ../clib/microlib/division.c              0x00000000   Number         0  uidiv.o ABSOLUTE
    ../clib/microlib/init/entry.s            0x00000000   Number         0  entry9a.o ABSOLUTE
    ../clib/microlib/init/entry.s            0x00000000   Number         0  entry7a.o ABSOLUTE
    ../clib/microlib/init/entry.s            0x00000000   Number         0  entry11a.o ABSOLUTE
    ../clib/microlib/init/entry.s            0x00000000   Number         0  entry5.o ABSOLUTE
    ../clib/microlib/init/entry.s            0x00000000   Number         0  entry11b.o ABSOLUTE
    ../clib/microlib/init/entry.s            0x00000000   Number         0  entry7b.o ABSOLUTE
    ../clib/microlib/init/entry.s            0x00000000   Number         0  entry.o ABSOLUTE
    ../clib/microlib/init/entry.s            0x00000000   Number         0  entry2.o ABSOLUTE
    ../clib/microlib/init/entry.s            0x00000000   Number         0  entry10b.o ABSOLUTE
    ../clib/microlib/init/entry.s            0x00000000   Number         0  entry8a.o ABSOLUTE
    ../clib/microlib/init/entry.s            0x00000000   Number         0  entry10a.o ABSOLUTE
    ../clib/microlib/init/entry.s            0x00000000   Number         0  entry9b.o ABSOLUTE
    ../clib/microlib/init/entry.s            0x00000000   Number         0  entry8b.o ABSOLUTE
    ../clib/microlib/longlong.c              0x00000000   Number         0  llsshr.o ABSOLUTE
    ../clib/microlib/longlong.c              0x00000000   Number         0  llushr.o ABSOLUTE
    ../clib/microlib/longlong.c              0x00000000   Number         0  llshl.o ABSOLUTE
    ../clib/microlib/printf/printf.c         0x00000000   Number         0  printf3.o ABSOLUTE
    ../clib/microlib/printf/printf.c         0x00000000   Number         0  printf4.o ABSOLUTE
    ../clib/microlib/printf/printf.c         0x00000000   Number         0  printf5.o ABSOLUTE
    ../clib/microlib/printf/printf.c         0x00000000   Number         0  printf6.o ABSOLUTE
    ../clib/microlib/printf/printf.c         0x00000000   Number         0  printf8.o ABSOLUTE
    ../clib/microlib/printf/printf.c         0x00000000   Number         0  printfa.o ABSOLUTE
    ../clib/microlib/printf/printf.c         0x00000000   Number         0  printfb.o ABSOLUTE
    ../clib/microlib/printf/printf.c         0x00000000   Number         0  printf0.o ABSOLUTE
    ../clib/microlib/printf/printf.c         0x00000000   Number         0  printf1.o ABSOLUTE
    ../clib/microlib/printf/printf.c         0x00000000   Number         0  printf7.o ABSOLUTE
    ../clib/microlib/printf/printf.c         0x00000000   Number         0  printf2.o ABSOLUTE
    ../clib/microlib/printf/stubs.s          0x00000000   Number         0  stubs.o ABSOLUTE
    ../clib/microlib/stdio/streams.c         0x00000000   Number         0  stdout.o ABSOLUTE
    ../clib/microlib/string/memcpy.c         0x00000000   Number         0  memcpyb.o ABSOLUTE
    ../clib/microlib/string/memcpy.c         0x00000000   Number         0  memcpya.o ABSOLUTE
    ../clib/microlib/stubs.s                 0x00000000   Number         0  iusefp.o ABSOLUTE
    ../fplib/microlib/fpadd.c                0x00000000   Number         0  dadd.o ABSOLUTE
    ../fplib/microlib/fpdiv.c                0x00000000   Number         0  ddiv.o ABSOLUTE
    ../fplib/microlib/fpepilogue.c           0x00000000   Number         0  depilogue.o ABSOLUTE
    ../fplib/microlib/fpfix.c                0x00000000   Number         0  dfixul.o ABSOLUTE
    ../fplib/microlib/fpmul.c                0x00000000   Number         0  dmul.o ABSOLUTE
    ..\..\FreeRTOS\port\MemMang\heap_4.c     0x00000000   Number         0  heap_4.o ABSOLUTE
    ..\..\FreeRTOS\port\RVDS\ARM_CM3\port.c  0x00000000   Number         0  port.o ABSOLUTE
    ..\..\FreeRTOS\src\croutine.c            0x00000000   Number         0  croutine.o ABSOLUTE
    ..\..\FreeRTOS\src\event_groups.c        0x00000000   Number         0  event_groups.o ABSOLUTE
    ..\..\FreeRTOS\src\list.c                0x00000000   Number         0  list.o ABSOLUTE
    ..\..\FreeRTOS\src\queue.c               0x00000000   Number         0  queue.o ABSOLUTE
    ..\..\FreeRTOS\src\tasks.c               0x00000000   Number         0  tasks.o ABSOLUTE
    ..\..\FreeRTOS\src\timers.c              0x00000000   Number         0  timers.o ABSOLUTE
    ..\..\Libraries\CMSIS\core_cm3.c         0x00000000   Number         0  core_cm3.o ABSOLUTE
    ..\..\Libraries\CMSIS\startup\startup_stm32f10x_hd.s 0x00000000   Number         0  startup_stm32f10x_hd.o ABSOLUTE
    ..\..\Libraries\CMSIS\system_stm32f10x.c 0x00000000   Number         0  system_stm32f10x.o ABSOLUTE
    ..\..\Libraries\FWlib\src\misc.c         0x00000000   Number         0  misc.o ABSOLUTE
    ..\..\Libraries\FWlib\src\stm32f10x_adc.c 0x00000000   Number         0  stm32f10x_adc.o ABSOLUTE
    ..\..\Libraries\FWlib\src\stm32f10x_bkp.c 0x00000000   Number         0  stm32f10x_bkp.o ABSOLUTE
    ..\..\Libraries\FWlib\src\stm32f10x_can.c 0x00000000   Number         0  stm32f10x_can.o ABSOLUTE
    ..\..\Libraries\FWlib\src\stm32f10x_cec.c 0x00000000   Number         0  stm32f10x_cec.o ABSOLUTE
    ..\..\Libraries\FWlib\src\stm32f10x_crc.c 0x00000000   Number         0  stm32f10x_crc.o ABSOLUTE
    ..\..\Libraries\FWlib\src\stm32f10x_dac.c 0x00000000   Number         0  stm32f10x_dac.o ABSOLUTE
    ..\..\Libraries\FWlib\src\stm32f10x_dbgmcu.c 0x00000000   Number         0  stm32f10x_dbgmcu.o ABSOLUTE
    ..\..\Libraries\FWlib\src\stm32f10x_dma.c 0x00000000   Number         0  stm32f10x_dma.o ABSOLUTE
    ..\..\Libraries\FWlib\src\stm32f10x_exti.c 0x00000000   Number         0  stm32f10x_exti.o ABSOLUTE
    ..\..\Libraries\FWlib\src\stm32f10x_flash.c 0x00000000   Number         0  stm32f10x_flash.o ABSOLUTE
    ..\..\Libraries\FWlib\src\stm32f10x_fsmc.c 0x00000000   Number         0  stm32f10x_fsmc.o ABSOLUTE
    ..\..\Libraries\FWlib\src\stm32f10x_gpio.c 0x00000000   Number         0  stm32f10x_gpio.o ABSOLUTE
    ..\..\Libraries\FWlib\src\stm32f10x_i2c.c 0x00000000   Number         0  stm32f10x_i2c.o ABSOLUTE
    ..\..\Libraries\FWlib\src\stm32f10x_iwdg.c 0x00000000   Number         0  stm32f10x_iwdg.o ABSOLUTE
    ..\..\Libraries\FWlib\src\stm32f10x_pwr.c 0x00000000   Number         0  stm32f10x_pwr.o ABSOLUTE
    ..\..\Libraries\FWlib\src\stm32f10x_rcc.c 0x00000000   Number         0  stm32f10x_rcc.o ABSOLUTE
    ..\..\Libraries\FWlib\src\stm32f10x_rtc.c 0x00000000   Number         0  stm32f10x_rtc.o ABSOLUTE
    ..\..\Libraries\FWlib\src\stm32f10x_sdio.c 0x00000000   Number         0  stm32f10x_sdio.o ABSOLUTE
    ..\..\Libraries\FWlib\src\stm32f10x_spi.c 0x00000000   Number         0  stm32f10x_spi.o ABSOLUTE
    ..\..\Libraries\FWlib\src\stm32f10x_tim.c 0x00000000   Number         0  stm32f10x_tim.o ABSOLUTE
    ..\..\Libraries\FWlib\src\stm32f10x_usart.c 0x00000000   Number         0  stm32f10x_usart.o ABSOLUTE
    ..\..\Libraries\FWlib\src\stm32f10x_wwdg.c 0x00000000   Number         0  stm32f10x_wwdg.o ABSOLUTE
    ..\..\User\bsp\Key\bsp_key.c             0x00000000   Number         0  bsp_key.o ABSOLUTE
    ..\..\User\bsp\led\bsp_led.c             0x00000000   Number         0  bsp_led.o ABSOLUTE
    ..\..\User\bsp\usart\bsp_usart.c         0x00000000   Number         0  bsp_usart.o ABSOLUTE
    ..\..\User\dealy.c                       0x00000000   Number         0  dealy.o ABSOLUTE
    ..\..\User\main.c                        0x00000000   Number         0  main.o ABSOLUTE
    ..\..\User\oled\oled.c                   0x00000000   Number         0  oled.o ABSOLUTE
    ..\..\User\stm32f10x_it.c                0x00000000   Number         0  stm32f10x_it.o ABSOLUTE
    ..\\..\\FreeRTOS\\port\\RVDS\\ARM_CM3\\port.c 0x00000000   Number         0  port.o ABSOLUTE
    ..\\..\\Libraries\\CMSIS\\core_cm3.c     0x00000000   Number         0  core_cm3.o ABSOLUTE
    cdrcmple.s                               0x00000000   Number         0  cdrcmple.o ABSOLUTE
    dc.s                                     0x00000000   Number         0  dc.o ABSOLUTE
    handlers.s                               0x00000000   Number         0  handlers.o ABSOLUTE
    init.s                                   0x00000000   Number         0  init.o ABSOLUTE
    RESET                                    0x08000000   Section      304  startup_stm32f10x_hd.o(RESET)
    .ARM.Collect$$$$00000000                 0x08000130   Section        0  entry.o(.ARM.Collect$$$$00000000)
    .ARM.Collect$$$$00000001                 0x08000130   Section        4  entry2.o(.ARM.Collect$$$$00000001)
    .ARM.Collect$$$$00000004                 0x08000134   Section        4  entry5.o(.ARM.Collect$$$$00000004)
    .ARM.Collect$$$$00000008                 0x08000138   Section        0  entry7b.o(.ARM.Collect$$$$00000008)
    .ARM.Collect$$$$0000000A                 0x08000138   Section        0  entry8b.o(.ARM.Collect$$$$0000000A)
    .ARM.Collect$$$$0000000B                 0x08000138   Section        8  entry9a.o(.ARM.Collect$$$$0000000B)
    .ARM.Collect$$$$0000000D                 0x08000140   Section        0  entry10a.o(.ARM.Collect$$$$0000000D)
    .ARM.Collect$$$$0000000F                 0x08000140   Section        0  entry11a.o(.ARM.Collect$$$$0000000F)
    .ARM.Collect$$$$00002712                 0x08000140   Section        4  entry2.o(.ARM.Collect$$$$00002712)
    __lit__00000000                          0x08000140   Data           4  entry2.o(.ARM.Collect$$$$00002712)
    .emb_text                                0x08000144   Section      150  port.o(.emb_text)
    .text                                    0x080001dc   Section       36  startup_stm32f10x_hd.o(.text)
    .text                                    0x08000200   Section        0  system_stm32f10x.o(.text)
    SetSysClockTo72                          0x08000201   Thumb Code   160  system_stm32f10x.o(.text)
    .text                                    0x08000358   Section        0  misc.o(.text)
    .text                                    0x08000408   Section        0  stm32f10x_gpio.o(.text)
    .text                                    0x0800066c   Section        0  stm32f10x_rcc.o(.text)
    .text                                    0x08000924   Section        0  stm32f10x_usart.o(.text)
    .text                                    0x08000c4c   Section        0  main.o(.text)
    Give_Task                                0x08000c4d   Thumb Code   166  main.o(.text)
    Take_Task                                0x08000cf3   Thumb Code   200  main.o(.text)
    AppTaskCreate                            0x08000dbb   Thumb Code   106  main.o(.text)
    .text                                    0x08000f34   Section        0  stm32f10x_it.o(.text)
    .text                                    0x08000f54   Section        0  bsp_led.o(.text)
    .text                                    0x08000fc0   Section        0  bsp_usart.o(.text)
    .text                                    0x08001118   Section        0  bsp_key.o(.text)
    .text                                    0x08001174   Section        0  oled.o(.text)
    .text                                    0x0800159a   Section        0  dealy.o(.text)
    .text                                    0x080015de   Section        0  list.o(.text)
    .text                                    0x08001668   Section        0  queue.o(.text)
    prvUnlockQueue                           0x08001763   Thumb Code   106  queue.o(.text)
    prvCopyDataToQueue                       0x080017cd   Thumb Code    90  queue.o(.text)
    prvCopyDataFromQueue                     0x08001ae5   Thumb Code    38  queue.o(.text)
    prvIsQueueEmpty                          0x08001e95   Thumb Code    26  queue.o(.text)
    .text                                    0x08001eb8   Section        0  tasks.o(.text)
    prvAddNewTaskToReadyList                 0x08001eb9   Thumb Code   190  tasks.o(.text)
    prvAddCurrentTaskToDelayedList           0x080021d7   Thumb Code   102  tasks.o(.text)
    prvTaskIsTaskSuspended                   0x08002583   Thumb Code    48  tasks.o(.text)
    prvIdleTask                              0x080026a5   Thumb Code    30  tasks.o(.text)
    prvInitialiseNewTask                     0x08002d0d   Thumb Code   136  tasks.o(.text)
    prvResetNextTaskUnblockTime              0x08002d95   Thumb Code    26  tasks.o(.text)
    prvDeleteTCB                             0x08002daf   Thumb Code    20  tasks.o(.text)
    prvCheckTasksWaitingTermination          0x08002dc3   Thumb Code    76  tasks.o(.text)
    .text                                    0x08002e4c   Section        0  heap_4.o(.text)
    prvInsertBlockIntoFreeList               0x08002e4d   Thumb Code    72  heap_4.o(.text)
    prvHeapInit                              0x08002fdd   Thumb Code    66  heap_4.o(.text)
    .text                                    0x08003060   Section        0  port.o(.text)
    prvTaskExitError                         0x08003061   Thumb Code    34  port.o(.text)
    .text                                    0x08003254   Section        0  memcpya.o(.text)
    .text                                    0x08003278   Section        0  uidiv.o(.text)
    .text                                    0x080032a4   Section       36  init.o(.text)
    .text                                    0x080032c8   Section        0  __dclz77c.o(.text)
    i.__0printf$3                            0x08003328   Section        0  printf3.o(i.__0printf$3)
    i.__scatterload_copy                     0x08003348   Section       14  handlers.o(i.__scatterload_copy)
    i.__scatterload_null                     0x08003356   Section        2  handlers.o(i.__scatterload_null)
    i.__scatterload_zeroinit                 0x08003358   Section       14  handlers.o(i.__scatterload_zeroinit)
    i._printf_core                           0x08003368   Section        0  printf3.o(i._printf_core)
    _printf_core                             0x08003369   Thumb Code   436  printf3.o(i._printf_core)
    .constdata                               0x08003520   Section     1520  oled.o(.constdata)
    .data                                    0x20000000   Section       20  system_stm32f10x.o(.data)
    .data                                    0x20000014   Section       20  stm32f10x_rcc.o(.data)
    ADCPrescTable                            0x20000014   Data           4  stm32f10x_rcc.o(.data)
    APBAHBPrescTable                         0x20000018   Data          16  stm32f10x_rcc.o(.data)
    .data                                    0x20000028   Section     1840  main.o(.data)
    AppTaskCreate_Handle                     0x20000028   Data           4  main.o(.data)
    Take_Task_Handle                         0x2000002c   Data           4  main.o(.data)
    Give_Task_Handle                         0x20000030   Data           4  main.o(.data)
    .data                                    0x20000758   Section       32  oled.o(.data)
    .data                                    0x20000778   Section       60  tasks.o(.data)
    uxDeletedTasksWaitingCleanUp             0x2000077c   Data           4  tasks.o(.data)
    uxCurrentNumberOfTasks                   0x20000780   Data           4  tasks.o(.data)
    xTickCount                               0x20000784   Data           4  tasks.o(.data)
    uxTopReadyPriority                       0x20000788   Data           4  tasks.o(.data)
    xSchedulerRunning                        0x2000078c   Data           4  tasks.o(.data)
    uxPendedTicks                            0x20000790   Data           4  tasks.o(.data)
    xYieldPending                            0x20000794   Data           4  tasks.o(.data)
    xNumOfOverflows                          0x20000798   Data           4  tasks.o(.data)
    uxTaskNumber                             0x2000079c   Data           4  tasks.o(.data)
    xNextTaskUnblockTime                     0x200007a0   Data           4  tasks.o(.data)
    xIdleTaskHandle                          0x200007a4   Data           4  tasks.o(.data)
    uxSchedulerSuspended                     0x200007a8   Data           4  tasks.o(.data)
    pxDelayedTaskList                        0x200007ac   Data           4  tasks.o(.data)
    pxOverflowDelayedTaskList                0x200007b0   Data           4  tasks.o(.data)
    .data                                    0x200007b4   Section       24  heap_4.o(.data)
    pxEnd                                    0x200007b4   Data           4  heap_4.o(.data)
    xFreeBytesRemaining                      0x200007b8   Data           4  heap_4.o(.data)
    xMinimumEverFreeBytesRemaining           0x200007bc   Data           4  heap_4.o(.data)
    xBlockAllocatedBit                       0x200007c0   Data           4  heap_4.o(.data)
    xStart                                   0x200007c4   Data           8  heap_4.o(.data)
    .data                                    0x200007cc   Section       12  port.o(.data)
    ucMaxSysCallPriority                     0x200007cc   Data           1  port.o(.data)
    uxCriticalNesting                        0x200007d0   Data           4  port.o(.data)
    ulMaxPRIGROUPValue                       0x200007d4   Data           4  port.o(.data)
    .data                                    0x200007d8   Section        4  stdout.o(.data)
    .bss                                     0x200007dc   Section       80  queue.o(.bss)
    .bss                                     0x2000082c   Section      740  tasks.o(.bss)
    pxReadyTasksLists                        0x2000082c   Data         640  tasks.o(.bss)
    xDelayedTaskList1                        0x20000aac   Data          20  tasks.o(.bss)
    xDelayedTaskList2                        0x20000ac0   Data          20  tasks.o(.bss)
    xPendingReadyList                        0x20000ad4   Data          20  tasks.o(.bss)
    xTasksWaitingTermination                 0x20000ae8   Data          20  tasks.o(.bss)
    xSuspendedTaskList                       0x20000afc   Data          20  tasks.o(.bss)
    .bss                                     0x20000b10   Section    36864  heap_4.o(.bss)
    ucHeap                                   0x20000b10   Data       36864  heap_4.o(.bss)
    STACK                                    0x20009b10   Section     1024  startup_stm32f10x_hd.o(STACK)

    Global Symbols

    Symbol Name                              Value     Ov Type        Size  Object(Section)

    BuildAttributes$$THM_ISAv4$P$D$K$B$S$PE$A:L22UL41UL21$X:L11$S22US41US21$IEEE1$IW$USESV6$~STKCKD$USESV7$~SHL$OSPACE$ROPI$EBA8$MICROLIB$REQ8$PRES8$EABIv2 0x00000000   Number         0  anon$$obj.o ABSOLUTE
    __ARM_use_no_argv                        0x00000000   Number         0  main.o ABSOLUTE
    _printf_a                                0x00000000   Number         0  stubs.o ABSOLUTE
    _printf_c                                0x00000000   Number         0  stubs.o ABSOLUTE
    _printf_charcount                        0x00000000   Number         0  stubs.o ABSOLUTE
    _printf_d                                0x00000000   Number         0  stubs.o ABSOLUTE
    _printf_e                                0x00000000   Number         0  stubs.o ABSOLUTE
    _printf_f                                0x00000000   Number         0  stubs.o ABSOLUTE
    _printf_flags                            0x00000000   Number         0  stubs.o ABSOLUTE
    _printf_fp_dec                           0x00000000   Number         0  stubs.o ABSOLUTE
    _printf_fp_hex                           0x00000000   Number         0  stubs.o ABSOLUTE
    _printf_g                                0x00000000   Number         0  stubs.o ABSOLUTE
    _printf_i                                0x00000000   Number         0  stubs.o ABSOLUTE
    _printf_int_dec                          0x00000000   Number         0  stubs.o ABSOLUTE
    _printf_l                                0x00000000   Number         0  stubs.o ABSOLUTE
    _printf_lc                               0x00000000   Number         0  stubs.o ABSOLUTE
    _printf_ll                               0x00000000   Number         0  stubs.o ABSOLUTE
    _printf_lld                              0x00000000   Number         0  stubs.o ABSOLUTE
    _printf_lli                              0x00000000   Number         0  stubs.o ABSOLUTE
    _printf_llo                              0x00000000   Number         0  stubs.o ABSOLUTE
    _printf_llu                              0x00000000   Number         0  stubs.o ABSOLUTE
    _printf_llx                              0x00000000   Number         0  stubs.o ABSOLUTE
    _printf_longlong_dec                     0x00000000   Number         0  stubs.o ABSOLUTE
    _printf_longlong_hex                     0x00000000   Number         0  stubs.o ABSOLUTE
    _printf_longlong_oct                     0x00000000   Number         0  stubs.o ABSOLUTE
    _printf_ls                               0x00000000   Number         0  stubs.o ABSOLUTE
    _printf_mbtowc                           0x00000000   Number         0  stubs.o ABSOLUTE
    _printf_n                                0x00000000   Number         0  stubs.o ABSOLUTE
    _printf_o                                0x00000000   Number         0  stubs.o ABSOLUTE
    _printf_p                                0x00000000   Number         0  stubs.o ABSOLUTE
    _printf_percent                          0x00000000   Number         0  stubs.o ABSOLUTE
    _printf_pre_padding                      0x00000000   Number         0  stubs.o ABSOLUTE
    _printf_return_value                     0x00000000   Number         0  stubs.o ABSOLUTE
    _printf_s                                0x00000000   Number         0  stubs.o ABSOLUTE
    _printf_sizespec                         0x00000000   Number         0  stubs.o ABSOLUTE
    _printf_str                              0x00000000   Number         0  stubs.o ABSOLUTE
    _printf_truncate_signed                  0x00000000   Number         0  stubs.o ABSOLUTE
    _printf_truncate_unsigned                0x00000000   Number         0  stubs.o ABSOLUTE
    _printf_u                                0x00000000   Number         0  stubs.o ABSOLUTE
    _printf_wc                               0x00000000   Number         0  stubs.o ABSOLUTE
    _printf_wctomb                           0x00000000   Number         0  stubs.o ABSOLUTE
    _printf_widthprec                        0x00000000   Number         0  stubs.o ABSOLUTE
    _printf_x                                0x00000000   Number         0  stubs.o ABSOLUTE
    __cpp_initialize__aeabi_                  - Undefined Weak Reference
    __cxa_finalize                            - Undefined Weak Reference
    _clock_init                               - Undefined Weak Reference
    _microlib_exit                            - Undefined Weak Reference
    __Vectors_Size                           0x00000130   Number         0  startup_stm32f10x_hd.o ABSOLUTE
    __Vectors                                0x08000000   Data           4  startup_stm32f10x_hd.o(RESET)
    __Vectors_End                            0x08000130   Data           0  startup_stm32f10x_hd.o(RESET)
    __main                                   0x08000131   Thumb Code     0  entry.o(.ARM.Collect$$$$00000000)
    _main_stk                                0x08000131   Thumb Code     0  entry2.o(.ARM.Collect$$$$00000001)
    _main_scatterload                        0x08000135   Thumb Code     0  entry5.o(.ARM.Collect$$$$00000004)
    __main_after_scatterload                 0x08000139   Thumb Code     0  entry5.o(.ARM.Collect$$$$00000004)
    _main_clock                              0x08000139   Thumb Code     0  entry7b.o(.ARM.Collect$$$$00000008)
    _main_cpp_init                           0x08000139   Thumb Code     0  entry8b.o(.ARM.Collect$$$$0000000A)
    _main_init                               0x08000139   Thumb Code     0  entry9a.o(.ARM.Collect$$$$0000000B)
    __rt_final_cpp                           0x08000141   Thumb Code     0  entry10a.o(.ARM.Collect$$$$0000000D)
    __rt_final_exit                          0x08000141   Thumb Code     0  entry11a.o(.ARM.Collect$$$$0000000F)
    SVC_Handler                              0x08000145   Thumb Code    32  port.o(.emb_text)
    __asm___6_port_c_39a90d8d__prvStartFirstTask 0x08000169   Thumb Code    28  port.o(.emb_text)
    PendSV_Handler                           0x08000189   Thumb Code    72  port.o(.emb_text)
    vPortGetIPSR                             0x080001d5   Thumb Code     6  port.o(.emb_text)
    Reset_Handler                            0x080001dd   Thumb Code     8  startup_stm32f10x_hd.o(.text)
    ADC1_2_IRQHandler                        0x080001f7   Thumb Code     0  startup_stm32f10x_hd.o(.text)
    ADC3_IRQHandler                          0x080001f7   Thumb Code     0  startup_stm32f10x_hd.o(.text)
    CAN1_RX1_IRQHandler                      0x080001f7   Thumb Code     0  startup_stm32f10x_hd.o(.text)
    CAN1_SCE_IRQHandler                      0x080001f7   Thumb Code     0  startup_stm32f10x_hd.o(.text)
    DMA1_Channel1_IRQHandler                 0x080001f7   Thumb Code     0  startup_stm32f10x_hd.o(.text)
    DMA1_Channel2_IRQHandler                 0x080001f7   Thumb Code     0  startup_stm32f10x_hd.o(.text)
    DMA1_Channel3_IRQHandler                 0x080001f7   Thumb Code     0  startup_stm32f10x_hd.o(.text)
    DMA1_Channel4_IRQHandler                 0x080001f7   Thumb Code     0  startup_stm32f10x_hd.o(.text)
    DMA1_Channel5_IRQHandler                 0x080001f7   Thumb Code     0  startup_stm32f10x_hd.o(.text)
    DMA1_Channel6_IRQHandler                 0x080001f7   Thumb Code     0  startup_stm32f10x_hd.o(.text)
    DMA1_Channel7_IRQHandler                 0x080001f7   Thumb Code     0  startup_stm32f10x_hd.o(.text)
    DMA2_Channel1_IRQHandler                 0x080001f7   Thumb Code     0  startup_stm32f10x_hd.o(.text)
    DMA2_Channel2_IRQHandler                 0x080001f7   Thumb Code     0  startup_stm32f10x_hd.o(.text)
    DMA2_Channel3_IRQHandler                 0x080001f7   Thumb Code     0  startup_stm32f10x_hd.o(.text)
    DMA2_Channel4_5_IRQHandler               0x080001f7   Thumb Code     0  startup_stm32f10x_hd.o(.text)
    EXTI0_IRQHandler                         0x080001f7   Thumb Code     0  startup_stm32f10x_hd.o(.text)
    EXTI15_10_IRQHandler                     0x080001f7   Thumb Code     0  startup_stm32f10x_hd.o(.text)
    EXTI1_IRQHandler                         0x080001f7   Thumb Code     0  startup_stm32f10x_hd.o(.text)
    EXTI2_IRQHandler                         0x080001f7   Thumb Code     0  startup_stm32f10x_hd.o(.text)
    EXTI3_IRQHandler                         0x080001f7   Thumb Code     0  startup_stm32f10x_hd.o(.text)
    EXTI4_IRQHandler                         0x080001f7   Thumb Code     0  startup_stm32f10x_hd.o(.text)
    EXTI9_5_IRQHandler                       0x080001f7   Thumb Code     0  startup_stm32f10x_hd.o(.text)
    FLASH_IRQHandler                         0x080001f7   Thumb Code     0  startup_stm32f10x_hd.o(.text)
    FSMC_IRQHandler                          0x080001f7   Thumb Code     0  startup_stm32f10x_hd.o(.text)
    I2C1_ER_IRQHandler                       0x080001f7   Thumb Code     0  startup_stm32f10x_hd.o(.text)
    I2C1_EV_IRQHandler                       0x080001f7   Thumb Code     0  startup_stm32f10x_hd.o(.text)
    I2C2_ER_IRQHandler                       0x080001f7   Thumb Code     0  startup_stm32f10x_hd.o(.text)
    I2C2_EV_IRQHandler                       0x080001f7   Thumb Code     0  startup_stm32f10x_hd.o(.text)
    PVD_IRQHandler                           0x080001f7   Thumb Code     0  startup_stm32f10x_hd.o(.text)
    RCC_IRQHandler                           0x080001f7   Thumb Code     0  startup_stm32f10x_hd.o(.text)
    RTCAlarm_IRQHandler                      0x080001f7   Thumb Code     0  startup_stm32f10x_hd.o(.text)
    RTC_IRQHandler                           0x080001f7   Thumb Code     0  startup_stm32f10x_hd.o(.text)
    SDIO_IRQHandler                          0x080001f7   Thumb Code     0  startup_stm32f10x_hd.o(.text)
    SPI1_IRQHandler                          0x080001f7   Thumb Code     0  startup_stm32f10x_hd.o(.text)
    SPI2_IRQHandler                          0x080001f7   Thumb Code     0  startup_stm32f10x_hd.o(.text)
    SPI3_IRQHandler                          0x080001f7   Thumb Code     0  startup_stm32f10x_hd.o(.text)
    TAMPER_IRQHandler                        0x080001f7   Thumb Code     0  startup_stm32f10x_hd.o(.text)
    TIM1_BRK_IRQHandler                      0x080001f7   Thumb Code     0  startup_stm32f10x_hd.o(.text)
    TIM1_CC_IRQHandler                       0x080001f7   Thumb Code     0  startup_stm32f10x_hd.o(.text)
    TIM1_TRG_COM_IRQHandler                  0x080001f7   Thumb Code     0  startup_stm32f10x_hd.o(.text)
    TIM1_UP_IRQHandler                       0x080001f7   Thumb Code     0  startup_stm32f10x_hd.o(.text)
    TIM2_IRQHandler                          0x080001f7   Thumb Code     0  startup_stm32f10x_hd.o(.text)
    TIM3_IRQHandler                          0x080001f7   Thumb Code     0  startup_stm32f10x_hd.o(.text)
    TIM4_IRQHandler                          0x080001f7   Thumb Code     0  startup_stm32f10x_hd.o(.text)
    TIM5_IRQHandler                          0x080001f7   Thumb Code     0  startup_stm32f10x_hd.o(.text)
    TIM6_IRQHandler                          0x080001f7   Thumb Code     0  startup_stm32f10x_hd.o(.text)
    TIM7_IRQHandler                          0x080001f7   Thumb Code     0  startup_stm32f10x_hd.o(.text)
    TIM8_BRK_IRQHandler                      0x080001f7   Thumb Code     0  startup_stm32f10x_hd.o(.text)
    TIM8_CC_IRQHandler                       0x080001f7   Thumb Code     0  startup_stm32f10x_hd.o(.text)
    TIM8_TRG_COM_IRQHandler                  0x080001f7   Thumb Code     0  startup_stm32f10x_hd.o(.text)
    TIM8_UP_IRQHandler                       0x080001f7   Thumb Code     0  startup_stm32f10x_hd.o(.text)
    UART4_IRQHandler                         0x080001f7   Thumb Code     0  startup_stm32f10x_hd.o(.text)
    UART5_IRQHandler                         0x080001f7   Thumb Code     0  startup_stm32f10x_hd.o(.text)
    USART1_IRQHandler                        0x080001f7   Thumb Code     0  startup_stm32f10x_hd.o(.text)
    USART2_IRQHandler                        0x080001f7   Thumb Code     0  startup_stm32f10x_hd.o(.text)
    USART3_IRQHandler                        0x080001f7   Thumb Code     0  startup_stm32f10x_hd.o(.text)
    USBWakeUp_IRQHandler                     0x080001f7   Thumb Code     0  startup_stm32f10x_hd.o(.text)
    USB_HP_CAN1_TX_IRQHandler                0x080001f7   Thumb Code     0  startup_stm32f10x_hd.o(.text)
    USB_LP_CAN1_RX0_IRQHandler               0x080001f7   Thumb Code     0  startup_stm32f10x_hd.o(.text)
    WWDG_IRQHandler                          0x080001f7   Thumb Code     0  startup_stm32f10x_hd.o(.text)
    SystemInit                               0x080002a1   Thumb Code    64  system_stm32f10x.o(.text)
    SystemCoreClockUpdate                    0x080002e1   Thumb Code    86  system_stm32f10x.o(.text)
    NVIC_PriorityGroupConfig                 0x08000359   Thumb Code    10  misc.o(.text)
    NVIC_Init                                0x08000363   Thumb Code    94  misc.o(.text)
    NVIC_SetVectorTable                      0x080003c1   Thumb Code    14  misc.o(.text)
    NVIC_SystemLPConfig                      0x080003cf   Thumb Code    20  misc.o(.text)
    SysTick_CLKSourceConfig                  0x080003e3   Thumb Code    24  misc.o(.text)
    GPIO_DeInit                              0x08000409   Thumb Code   152  stm32f10x_gpio.o(.text)
    GPIO_AFIODeInit                          0x080004a1   Thumb Code    22  stm32f10x_gpio.o(.text)
    GPIO_Init                                0x080004b7   Thumb Code   156  stm32f10x_gpio.o(.text)
    GPIO_StructInit                          0x08000553   Thumb Code    16  stm32f10x_gpio.o(.text)
    GPIO_ReadInputDataBit                    0x08000563   Thumb Code    14  stm32f10x_gpio.o(.text)
    GPIO_ReadInputData                       0x08000571   Thumb Code     6  stm32f10x_gpio.o(.text)
    GPIO_ReadOutputDataBit                   0x08000577   Thumb Code    14  stm32f10x_gpio.o(.text)
    GPIO_ReadOutputData                      0x08000585   Thumb Code     6  stm32f10x_gpio.o(.text)
    GPIO_SetBits                             0x0800058b   Thumb Code     4  stm32f10x_gpio.o(.text)
    GPIO_ResetBits                           0x0800058f   Thumb Code     4  stm32f10x_gpio.o(.text)
    GPIO_WriteBit                            0x08000593   Thumb Code    10  stm32f10x_gpio.o(.text)
    GPIO_Write                               0x0800059d   Thumb Code     4  stm32f10x_gpio.o(.text)
    GPIO_PinLockConfig                       0x080005a1   Thumb Code    16  stm32f10x_gpio.o(.text)
    GPIO_EventOutputConfig                   0x080005b1   Thumb Code    22  stm32f10x_gpio.o(.text)
    GPIO_EventOutputCmd                      0x080005c7   Thumb Code     6  stm32f10x_gpio.o(.text)
    GPIO_PinRemapConfig                      0x080005cd   Thumb Code    82  stm32f10x_gpio.o(.text)
    GPIO_EXTILineConfig                      0x0800061f   Thumb Code    34  stm32f10x_gpio.o(.text)
    GPIO_ETH_MediaInterfaceConfig            0x08000641   Thumb Code     8  stm32f10x_gpio.o(.text)
    RCC_DeInit                               0x0800066d   Thumb Code    50  stm32f10x_rcc.o(.text)
    RCC_HSEConfig                            0x0800069f   Thumb Code    48  stm32f10x_rcc.o(.text)
    RCC_GetFlagStatus                        0x080006cf   Thumb Code    42  stm32f10x_rcc.o(.text)
    RCC_WaitForHSEStartUp                    0x080006f9   Thumb Code    44  stm32f10x_rcc.o(.text)
    RCC_AdjustHSICalibrationValue            0x08000725   Thumb Code    16  stm32f10x_rcc.o(.text)
    RCC_HSICmd                               0x08000735   Thumb Code     6  stm32f10x_rcc.o(.text)
    RCC_PLLConfig                            0x0800073b   Thumb Code    16  stm32f10x_rcc.o(.text)
    RCC_PLLCmd                               0x0800074b   Thumb Code     6  stm32f10x_rcc.o(.text)
    RCC_SYSCLKConfig                         0x08000751   Thumb Code    14  stm32f10x_rcc.o(.text)
    RCC_GetSYSCLKSource                      0x0800075f   Thumb Code    10  stm32f10x_rcc.o(.text)
    RCC_HCLKConfig                           0x08000769   Thumb Code    14  stm32f10x_rcc.o(.text)
    RCC_PCLK1Config                          0x08000777   Thumb Code    14  stm32f10x_rcc.o(.text)
    RCC_PCLK2Config                          0x08000785   Thumb Code    16  stm32f10x_rcc.o(.text)
    RCC_ITConfig                             0x08000795   Thumb Code    18  stm32f10x_rcc.o(.text)
    RCC_USBCLKConfig                         0x080007a7   Thumb Code     8  stm32f10x_rcc.o(.text)
    RCC_ADCCLKConfig                         0x080007af   Thumb Code    14  stm32f10x_rcc.o(.text)
    RCC_LSEConfig                            0x080007bd   Thumb Code    28  stm32f10x_rcc.o(.text)
    RCC_LSICmd                               0x080007d9   Thumb Code     6  stm32f10x_rcc.o(.text)
    RCC_RTCCLKConfig                         0x080007df   Thumb Code    10  stm32f10x_rcc.o(.text)
    RCC_RTCCLKCmd                            0x080007e9   Thumb Code     8  stm32f10x_rcc.o(.text)
    RCC_GetClocksFreq                        0x080007f1   Thumb Code   132  stm32f10x_rcc.o(.text)
    RCC_AHBPeriphClockCmd                    0x08000875   Thumb Code    18  stm32f10x_rcc.o(.text)
    RCC_APB2PeriphClockCmd                   0x08000887   Thumb Code    18  stm32f10x_rcc.o(.text)
    RCC_APB1PeriphClockCmd                   0x08000899   Thumb Code    18  stm32f10x_rcc.o(.text)
    RCC_APB2PeriphResetCmd                   0x080008ab   Thumb Code    18  stm32f10x_rcc.o(.text)
    RCC_APB1PeriphResetCmd                   0x080008bd   Thumb Code    18  stm32f10x_rcc.o(.text)
    RCC_BackupResetCmd                       0x080008cf   Thumb Code     8  stm32f10x_rcc.o(.text)
    RCC_ClockSecuritySystemCmd               0x080008d7   Thumb Code     6  stm32f10x_rcc.o(.text)
    RCC_MCOConfig                            0x080008dd   Thumb Code     6  stm32f10x_rcc.o(.text)
    RCC_ClearFlag                            0x080008e3   Thumb Code    12  stm32f10x_rcc.o(.text)
    RCC_GetITStatus                          0x080008ef   Thumb Code    16  stm32f10x_rcc.o(.text)
    RCC_ClearITPendingBit                    0x080008ff   Thumb Code     6  stm32f10x_rcc.o(.text)
    USART_DeInit                             0x08000925   Thumb Code    96  stm32f10x_usart.o(.text)
    USART_Init                               0x08000985   Thumb Code   166  stm32f10x_usart.o(.text)
    USART_StructInit                         0x08000a2b   Thumb Code    22  stm32f10x_usart.o(.text)
    USART_ClockInit                          0x08000a41   Thumb Code    30  stm32f10x_usart.o(.text)
    USART_ClockStructInit                    0x08000a5f   Thumb Code    12  stm32f10x_usart.o(.text)
    USART_Cmd                                0x08000a6b   Thumb Code    20  stm32f10x_usart.o(.text)
    USART_ITConfig                           0x08000a7f   Thumb Code    48  stm32f10x_usart.o(.text)
    USART_DMACmd                             0x08000aaf   Thumb Code    16  stm32f10x_usart.o(.text)
    USART_SetAddress                         0x08000abf   Thumb Code    16  stm32f10x_usart.o(.text)
    USART_WakeUpConfig                       0x08000acf   Thumb Code    16  stm32f10x_usart.o(.text)
    USART_ReceiverWakeUpCmd                  0x08000adf   Thumb Code    20  stm32f10x_usart.o(.text)
    USART_LINBreakDetectLengthConfig         0x08000af3   Thumb Code    16  stm32f10x_usart.o(.text)
    USART_LINCmd                             0x08000b03   Thumb Code    20  stm32f10x_usart.o(.text)
    USART_SendData                           0x08000b17   Thumb Code     8  stm32f10x_usart.o(.text)
    USART_ReceiveData                        0x08000b1f   Thumb Code     8  stm32f10x_usart.o(.text)
    USART_SendBreak                          0x08000b27   Thumb Code    10  stm32f10x_usart.o(.text)
    USART_SetGuardTime                       0x08000b31   Thumb Code    16  stm32f10x_usart.o(.text)
    USART_SetPrescaler                       0x08000b41   Thumb Code    16  stm32f10x_usart.o(.text)
    USART_SmartCardCmd                       0x08000b51   Thumb Code    20  stm32f10x_usart.o(.text)
    USART_SmartCardNACKCmd                   0x08000b65   Thumb Code    20  stm32f10x_usart.o(.text)
    USART_HalfDuplexCmd                      0x08000b79   Thumb Code    20  stm32f10x_usart.o(.text)
    USART_OverSampling8Cmd                   0x08000b8d   Thumb Code    20  stm32f10x_usart.o(.text)
    USART_OneBitMethodCmd                    0x08000ba1   Thumb Code    20  stm32f10x_usart.o(.text)
    USART_IrDAConfig                         0x08000bb5   Thumb Code    16  stm32f10x_usart.o(.text)
    USART_IrDACmd                            0x08000bc5   Thumb Code    20  stm32f10x_usart.o(.text)
    USART_GetFlagStatus                      0x08000bd9   Thumb Code    14  stm32f10x_usart.o(.text)
    USART_ClearFlag                          0x08000be7   Thumb Code     6  stm32f10x_usart.o(.text)
    USART_GetITStatus                        0x08000bed   Thumb Code    62  stm32f10x_usart.o(.text)
    USART_ClearITPendingBit                  0x08000c2b   Thumb Code    12  stm32f10x_usart.o(.text)
    main                                     0x08000e25   Thumb Code    88  main.o(.text)
    NMI_Handler                              0x08000f35   Thumb Code     2  stm32f10x_it.o(.text)
    HardFault_Handler                        0x08000f37   Thumb Code     2  stm32f10x_it.o(.text)
    MemManage_Handler                        0x08000f39   Thumb Code     2  stm32f10x_it.o(.text)
    BusFault_Handler                         0x08000f3b   Thumb Code     2  stm32f10x_it.o(.text)
    UsageFault_Handler                       0x08000f3d   Thumb Code     2  stm32f10x_it.o(.text)
    DebugMon_Handler                         0x08000f3f   Thumb Code     2  stm32f10x_it.o(.text)
    SysTick_Handler                          0x08000f41   Thumb Code    20  stm32f10x_it.o(.text)
    LED_GPIO_Config                          0x08000f55   Thumb Code   104  bsp_led.o(.text)
    USART_Config                             0x08000fc1   Thumb Code   122  bsp_usart.o(.text)
    Usart_SendByte                           0x0800103b   Thumb Code    22  bsp_usart.o(.text)
    Usart_SendArray                          0x08001051   Thumb Code    46  bsp_usart.o(.text)
    Usart_SendString                         0x0800107f   Thumb Code    38  bsp_usart.o(.text)
    Usart_SendHalfWord                       0x080010a5   Thumb Code    50  bsp_usart.o(.text)
    fputc                                    0x080010d7   Thumb Code    30  bsp_usart.o(.text)
    fgetc                                    0x080010f5   Thumb Code    26  bsp_usart.o(.text)
    Key_GPIO_Config                          0x08001119   Thumb Code    52  bsp_key.o(.text)
    Key_Scan                                 0x0800114d   Thumb Code    34  bsp_key.o(.text)
    OLED_WR_Byte                             0x08001175   Thumb Code    88  oled.o(.text)
    OLED_Set_Pos                             0x080011cd   Thumb Code    42  oled.o(.text)
    OLED_Display_On                          0x080011f7   Thumb Code    28  oled.o(.text)
    OLED_Display_Off                         0x08001213   Thumb Code    28  oled.o(.text)
    OLED_Clear                               0x0800122f   Thumb Code    60  oled.o(.text)
    OLED_ShowChar                            0x0800126b   Thumb Code    92  oled.o(.text)
    oled_pow                                 0x080012c7   Thumb Code    16  oled.o(.text)
    OLED_ShowNum                             0x080012d7   Thumb Code    98  oled.o(.text)
    OLED_ShowString                          0x08001339   Thumb Code    48  oled.o(.text)
    OLED_ShowCHinese                         0x08001369   Thumb Code    70  oled.o(.text)
    OLED_ShowChinese_Row                     0x080013af   Thumb Code    86  oled.o(.text)
    OLED_DrawBMP                             0x08001405   Thumb Code    62  oled.o(.text)
    OLED_Init                                0x08001443   Thumb Code   344  oled.o(.text)
    delay_us                                 0x0800159b   Thumb Code    18  dealy.o(.text)
    delay_ms                                 0x080015ad   Thumb Code    22  dealy.o(.text)
    delay_s                                  0x080015c3   Thumb Code    28  dealy.o(.text)
    vListInitialise                          0x080015df   Thumb Code    22  list.o(.text)
    vListInitialiseItem                      0x080015f5   Thumb Code     6  list.o(.text)
    vListInsertEnd                           0x080015fb   Thumb Code    24  list.o(.text)
    vListInsert                              0x08001613   Thumb Code    48  list.o(.text)
    uxListRemove                             0x08001643   Thumb Code    36  list.o(.text)
    xQueueGenericReset                       0x08001669   Thumb Code   128  queue.o(.text)
    xQueueGenericCreate                      0x080016e9   Thumb Code    68  queue.o(.text)
    xQueueCreateCountingSemaphore            0x0800172d   Thumb Code    54  queue.o(.text)
    xQueueGenericSend                        0x08001827   Thumb Code   332  queue.o(.text)
    xQueueGenericSendFromISR                 0x08001973   Thumb Code   174  queue.o(.text)
    xQueueGiveFromISR                        0x08001a21   Thumb Code   196  queue.o(.text)
    xQueueGenericReceive                     0x08001b0b   Thumb Code   328  queue.o(.text)
    xQueueReceiveFromISR                     0x08001c53   Thumb Code   150  queue.o(.text)
    xQueuePeekFromISR                        0x08001ce9   Thumb Code   114  queue.o(.text)
    uxQueueMessagesWaiting                   0x08001d5b   Thumb Code    36  queue.o(.text)
    uxQueueSpacesAvailable                   0x08001d7f   Thumb Code    40  queue.o(.text)
    uxQueueMessagesWaitingFromISR            0x08001da7   Thumb Code    26  queue.o(.text)
    vQueueUnregisterQueue                    0x08001dc1   Thumb Code    36  queue.o(.text)
    vQueueDelete                             0x08001de5   Thumb Code    38  queue.o(.text)
    xQueueIsQueueEmptyFromISR                0x08001e0b   Thumb Code    34  queue.o(.text)
    xQueueIsQueueFullFromISR                 0x08001e2d   Thumb Code    38  queue.o(.text)
    vQueueAddToRegistry                      0x08001e53   Thumb Code    32  queue.o(.text)
    pcQueueGetName                           0x08001e73   Thumb Code    34  queue.o(.text)
    xTaskCreate                              0x08001f77   Thumb Code    86  tasks.o(.text)
    vTaskDelete                              0x08001fcd   Thumb Code   154  tasks.o(.text)
    xTaskIncrementTick                       0x08002067   Thumb Code   186  tasks.o(.text)
    xTaskResumeAll                           0x08002121   Thumb Code   182  tasks.o(.text)
    vTaskSuspendAll                          0x0800223d   Thumb Code    10  tasks.o(.text)
    vTaskDelayUntil                          0x08002247   Thumb Code   188  tasks.o(.text)
    vTaskDelay                               0x08002303   Thumb Code    66  tasks.o(.text)
    eTaskGetState                            0x08002345   Thumb Code    94  tasks.o(.text)
    uxTaskPriorityGet                        0x080023a3   Thumb Code    24  tasks.o(.text)
    uxTaskPriorityGetFromISR                 0x080023bb   Thumb Code    40  tasks.o(.text)
    vTaskPrioritySet                         0x080023e3   Thumb Code   176  tasks.o(.text)
    vTaskSwitchContext                       0x08002493   Thumb Code    84  tasks.o(.text)
    vTaskSuspend                             0x080024e7   Thumb Code   156  tasks.o(.text)
    vTaskResume                              0x080025b3   Thumb Code   116  tasks.o(.text)
    xTaskResumeFromISR                       0x08002627   Thumb Code   126  tasks.o(.text)
    vTaskStartScheduler                      0x080026c3   Thumb Code   122  tasks.o(.text)
    vTaskEndScheduler                        0x0800273d   Thumb Code    24  tasks.o(.text)
    xTaskGetTickCount                        0x08002755   Thumb Code     6  tasks.o(.text)
    xTaskGetTickCountFromISR                 0x0800275b   Thumb Code    12  tasks.o(.text)
    uxTaskGetNumberOfTasks                   0x08002767   Thumb Code     6  tasks.o(.text)
    pcTaskGetName                            0x0800276d   Thumb Code    38  tasks.o(.text)
    vTaskPlaceOnEventList                    0x08002793   Thumb Code    46  tasks.o(.text)
    vTaskPlaceOnUnorderedEventList           0x080027c1   Thumb Code    78  tasks.o(.text)
    xTaskRemoveFromEventList                 0x0800280f   Thumb Code   104  tasks.o(.text)
    xTaskRemoveFromUnorderedEventList        0x08002877   Thumb Code   116  tasks.o(.text)
    vTaskSetTimeOutState                     0x080028eb   Thumb Code    34  tasks.o(.text)
    xTaskCheckForTimeOut                     0x0800290d   Thumb Code   102  tasks.o(.text)
    vTaskMissedYield                         0x08002973   Thumb Code     8  tasks.o(.text)
    xTaskGetSchedulerState                   0x0800297b   Thumb Code    22  tasks.o(.text)
    uxTaskResetEventItemValue                0x08002991   Thumb Code    20  tasks.o(.text)
    ulTaskNotifyTake                         0x080029a5   Thumb Code    96  tasks.o(.text)
    xTaskNotifyWait                          0x08002a05   Thumb Code   128  tasks.o(.text)
    xTaskGenericNotify                       0x08002a85   Thumb Code   208  tasks.o(.text)
    xTaskGenericNotifyFromISR                0x08002b55   Thumb Code   228  tasks.o(.text)
    vTaskNotifyGiveFromISR                   0x08002c39   Thumb Code   168  tasks.o(.text)
    xTaskNotifyStateClear                    0x08002ce1   Thumb Code    44  tasks.o(.text)
    pvPortMalloc                             0x08002e95   Thumb Code   214  heap_4.o(.text)
    vPortFree                                0x08002f6b   Thumb Code    96  heap_4.o(.text)
    xPortGetFreeHeapSize                     0x08002fcb   Thumb Code     8  heap_4.o(.text)
    xPortGetMinimumEverFreeHeapSize          0x08002fd3   Thumb Code     8  heap_4.o(.text)
    vPortInitialiseBlocks                    0x08002fdb   Thumb Code     2  heap_4.o(.text)
    pxPortInitialiseStack                    0x08003083   Thumb Code    32  port.o(.text)
    vPortSetupTimerInterrupt                 0x080030a3   Thumb Code    26  port.o(.text)
    xPortStartScheduler                      0x080030bd   Thumb Code   108  port.o(.text)
    vPortEndScheduler                        0x08003129   Thumb Code    24  port.o(.text)
    vPortEnterCritical                       0x08003141   Thumb Code    52  port.o(.text)
    vPortExitCritical                        0x08003175   Thumb Code    34  port.o(.text)
    xPortSysTickHandler                      0x08003197   Thumb Code    40  port.o(.text)
    vPortValidateInterruptPriority           0x080031bf   Thumb Code    72  port.o(.text)
    __aeabi_memcpy                           0x08003255   Thumb Code    36  memcpya.o(.text)
    __aeabi_memcpy4                          0x08003255   Thumb Code     0  memcpya.o(.text)
    __aeabi_memcpy8                          0x08003255   Thumb Code     0  memcpya.o(.text)
    __aeabi_uidiv                            0x08003279   Thumb Code     0  uidiv.o(.text)
    __aeabi_uidivmod                         0x08003279   Thumb Code    44  uidiv.o(.text)
    __scatterload                            0x080032a5   Thumb Code    28  init.o(.text)
    __scatterload_rt2                        0x080032a5   Thumb Code     0  init.o(.text)
    __decompress                             0x080032c9   Thumb Code     0  __dclz77c.o(.text)
    __decompress2                            0x080032c9   Thumb Code    94  __dclz77c.o(.text)
    __0printf$3                              0x08003329   Thumb Code    22  printf3.o(i.__0printf$3)
    __1printf$3                              0x08003329   Thumb Code     0  printf3.o(i.__0printf$3)
    __2printf                                0x08003329   Thumb Code     0  printf3.o(i.__0printf$3)
    __scatterload_copy                       0x08003349   Thumb Code    14  handlers.o(i.__scatterload_copy)
    __scatterload_null                       0x08003357   Thumb Code     2  handlers.o(i.__scatterload_null)
    __scatterload_zeroinit                   0x08003359   Thumb Code    14  handlers.o(i.__scatterload_zeroinit)
    F8X16                                    0x08003520   Data        1520  oled.o(.constdata)
    Region$$Table$$Base                      0x08003b10   Number         0  anon$$obj.o(Region$$Table)
    Region$$Table$$Limit                     0x08003b30   Number         0  anon$$obj.o(Region$$Table)
    SystemCoreClock                          0x20000000   Data           4  system_stm32f10x.o(.data)
    AHBPrescTable                            0x20000004   Data          16  system_stm32f10x.o(.data)
    CountSem_Handle                          0x20000034   Data           4  main.o(.data)
    init                                     0x20000038   Data         256  main.o(.data)
    writer                                   0x20000138   Data         256  main.o(.data)
    carport                                  0x20000238   Data         256  main.o(.data)
    remaind                                  0x20000338   Data         256  main.o(.data)
    full                                     0x20000438   Data         256  main.o(.data)
    leave                                    0x20000538   Data         256  main.o(.data)
    now                                      0x20000638   Data         288  main.o(.data)
    du                                       0x20000758   Data          32  oled.o(.data)
    pxCurrentTCB                             0x20000778   Data           4  tasks.o(.data)
    __stdout                                 0x200007d8   Data           4  stdout.o(.data)
    xQueueRegistry                           0x200007dc   Data          80  queue.o(.bss)
    __initial_sp                             0x20009f10   Data           0  startup_stm32f10x_hd.o(STACK)



==============================================================================

Memory Map of the image

  Image Entry point : 0x08000131

  Load Region LR_IROM1 (Base: 0x08000000, Size: 0x0000430c, Max: 0x00080000, ABSOLUTE, COMPRESSED[0x00003e88])

    Execution Region ER_IROM1 (Base: 0x08000000, Size: 0x00003b30, Max: 0x00080000, ABSOLUTE)

    Base Addr    Size         Type   Attr      Idx    E Section Name        Object

    0x08000000   0x00000130   Data   RO            3    RESET               startup_stm32f10x_hd.o
    0x08000130   0x00000000   Code   RO          745  * .ARM.Collect$$$$00000000  mc_w.l(entry.o)
    0x08000130   0x00000004   Code   RO         1013    .ARM.Collect$$$$00000001  mc_w.l(entry2.o)
    0x08000134   0x00000004   Code   RO         1016    .ARM.Collect$$$$00000004  mc_w.l(entry5.o)
    0x08000138   0x00000000   Code   RO         1018    .ARM.Collect$$$$00000008  mc_w.l(entry7b.o)
    0x08000138   0x00000000   Code   RO         1020    .ARM.Collect$$$$0000000A  mc_w.l(entry8b.o)
    0x08000138   0x00000008   Code   RO         1021    .ARM.Collect$$$$0000000B  mc_w.l(entry9a.o)
    0x08000140   0x00000000   Code   RO         1023    .ARM.Collect$$$$0000000D  mc_w.l(entry10a.o)
    0x08000140   0x00000000   Code   RO         1025    .ARM.Collect$$$$0000000F  mc_w.l(entry11a.o)
    0x08000140   0x00000004   Code   RO         1014    .ARM.Collect$$$$00002712  mc_w.l(entry2.o)
    0x08000144   0x00000096   Code   RO          714    .emb_text           port.o
    0x080001da   0x00000002   PAD
    0x080001dc   0x00000024   Code   RO            4    .text               startup_stm32f10x_hd.o
    0x08000200   0x00000158   Code   RO           24    .text               system_stm32f10x.o
    0x08000358   0x000000b0   Code   RO          121    .text               misc.o
    0x08000408   0x00000264   Code   RO          270    .text               stm32f10x_gpio.o
    0x0800066c   0x000002b8   Code   RO          318    .text               stm32f10x_rcc.o
    0x08000924   0x00000328   Code   RO          382    .text               stm32f10x_usart.o
    0x08000c4c   0x000002e8   Code   RO          406    .text               main.o
    0x08000f34   0x00000020   Code   RO          485    .text               stm32f10x_it.o
    0x08000f54   0x0000006c   Code   RO          510    .text               bsp_led.o
    0x08000fc0   0x00000158   Code   RO          522    .text               bsp_usart.o
    0x08001118   0x0000005c   Code   RO          539    .text               bsp_key.o
    0x08001174   0x00000426   Code   RO          551    .text               oled.o
    0x0800159a   0x00000044   Code   RO          575    .text               dealy.o
    0x080015de   0x00000088   Code   RO          630    .text               list.o
    0x08001666   0x00000002   PAD
    0x08001668   0x00000850   Code   RO          642    .text               queue.o
    0x08001eb8   0x00000f94   Code   RO          661    .text               tasks.o
    0x08002e4c   0x00000214   Code   RO          699    .text               heap_4.o
    0x08003060   0x000001f4   Code   RO          715    .text               port.o
    0x08003254   0x00000024   Code   RO          748    .text               mc_w.l(memcpya.o)
    0x08003278   0x0000002c   Code   RO         1028    .text               mc_w.l(uidiv.o)
    0x080032a4   0x00000024   Code   RO         1043    .text               mc_w.l(init.o)
    0x080032c8   0x0000005e   Code   RO         1061    .text               mc_w.l(__dclz77c.o)
    0x08003326   0x00000002   PAD
    0x08003328   0x00000020   Code   RO          841    i.__0printf$3       mc_w.l(printf3.o)
    0x08003348   0x0000000e   Code   RO         1055    i.__scatterload_copy  mc_w.l(handlers.o)
    0x08003356   0x00000002   Code   RO         1056    i.__scatterload_null  mc_w.l(handlers.o)
    0x08003358   0x0000000e   Code   RO         1057    i.__scatterload_zeroinit  mc_w.l(handlers.o)
    0x08003366   0x00000002   PAD
    0x08003368   0x000001b8   Code   RO          848    i._printf_core      mc_w.l(printf3.o)
    0x08003520   0x000005f0   Data   RO          553    .constdata          oled.o
    0x08003b10   0x00000020   Data   RO         1053    Region$$Table       anon$$obj.o


    Execution Region RW_IRAM1 (Base: 0x20000000, Size: 0x00009f10, Max: 0x00010000, ABSOLUTE, COMPRESSED[0x00000358])

    Base Addr    Size         Type   Attr      Idx    E Section Name        Object

    0x20000000   0x00000014   Data   RW           25    .data               system_stm32f10x.o
    0x20000014   0x00000014   Data   RW          319    .data               stm32f10x_rcc.o
    0x20000028   0x00000730   Data   RW          407    .data               main.o
    0x20000758   0x00000020   Data   RW          557    .data               oled.o
    0x20000778   0x0000003c   Data   RW          663    .data               tasks.o
    0x200007b4   0x00000018   Data   RW          701    .data               heap_4.o
    0x200007cc   0x0000000c   Data   RW          716    .data               port.o
    0x200007d8   0x00000004   Data   RW         1027    .data               mc_w.l(stdout.o)
    0x200007dc   0x00000050   Zero   RW          643    .bss                queue.o
    0x2000082c   0x000002e4   Zero   RW          662    .bss                tasks.o
    0x20000b10   0x00009000   Zero   RW          700    .bss                heap_4.o
    0x20009b10   0x00000400   Zero   RW            1    STACK               startup_stm32f10x_hd.o


==============================================================================

Image component sizes


      Code (inc. data)   RO Data    RW Data    ZI Data      Debug   Object Name

        92          6          0          0          0       1211   bsp_key.o
       108          4          0          0          0        598   bsp_led.o
       344         10          0          0          0       3944   bsp_usart.o
         0          0          0          0          0       4508   core_cm3.o
        68          0          0          0          0       1294   dealy.o
         0          0          0          0          0       8064   event_groups.o
       532         66          0         24      36864       3580   heap_4.o
       136          0          0          0          0       1946   list.o
       744        184          0       1840          0      19240   main.o
       176         14          0          0          0       2021   misc.o
      1062         12       1520         32          0       5662   oled.o
       650         90          0         12          0       7949   port.o
      2128         58          0          0         80      12900   queue.o
        36          8        304          0       1024        904   startup_stm32f10x_hd.o
       612         36          0          0          0       6149   stm32f10x_gpio.o
        32          0          0          0          0       1179   stm32f10x_it.o
       696         32          0         20          0       9184   stm32f10x_rcc.o
       808         22          0          0          0       9016   stm32f10x_usart.o
       344         34          0         20          0     230367   system_stm32f10x.o
      3988        178          0         60        740      29086   tasks.o

    ----------------------------------------------------------------------
     12560        754       1856       2008      38708     358802   Object Totals
         0          0         32          0          0          0   (incl. Generated)
         4          0          0          0          0          0   (incl. Padding)

    ----------------------------------------------------------------------

      Code (inc. data)   RO Data    RW Data    ZI Data      Debug   Library Member Name

        94          0          0          0          0          0   __dclz77c.o
         0          0          0          0          0          0   entry.o
         0          0          0          0          0          0   entry10a.o
         0          0          0          0          0          0   entry11a.o
         8          4          0          0          0          0   entry2.o
         4          0          0          0          0          0   entry5.o
         0          0          0          0          0          0   entry7b.o
         0          0          0          0          0          0   entry8b.o
         8          4          0          0          0          0   entry9a.o
        30          0          0          0          0          0   handlers.o
        36          8          0          0          0         68   init.o
        36          0          0          0          0         68   memcpya.o
       472         14          0          0          0        184   printf3.o
         0          0          0          4          0          0   stdout.o
        44          0          0          0          0         80   uidiv.o

    ----------------------------------------------------------------------
       736         30          0          4          0        400   Library Totals
         4          0          0          0          0          0   (incl. Padding)

    ----------------------------------------------------------------------

      Code (inc. data)   RO Data    RW Data    ZI Data      Debug   Library Name

       732         30          0          4          0        400   mc_w.l

    ----------------------------------------------------------------------
       736         30          0          4          0        400   Library Totals

    ----------------------------------------------------------------------

==============================================================================


      Code (inc. data)   RO Data    RW Data    ZI Data      Debug   

     13296        784       1856       2012      38708     357198   Grand Totals
     13296        784       1856        856      38708     357198   ELF Image Totals (compressed)
     13296        784       1856        856          0          0   ROM Totals

==============================================================================

    Total RO  Size (Code + RO Data)                15152 (  14.80kB)
    Total RW  Size (RW Data + ZI Data)             40720 (  39.77kB)
    Total ROM Size (Code + RO Data + RW Data)      16008 (  15.63kB)

==============================================================================

